// Jest Snapshot v1, https://goo.gl/fbAQLP

exports[`snapshot App 1`] = `
<div
  class="sc-gsTCUz jDrhhX"
  data-testid="App"
>
  <div
    class="sc-bdfBwQ eVglnJ"
    data-testid="pomodoro"
  >
    <div>
      <span>
        25
      </span>
      :
      <span>
        0
      </span>
    </div>
  </div>
</div>
`;
